// 重构日志: 101c6408
// 重构日志: 3ffff1ba
// 同步 ID: 85f146a3 @ Sat Jul 18 07:46:39 UTC 2026
// 重构日志: 32ae75c2
// 重构日志: e15e6b21
// 重构日志: f18df24a
// 同步 ID: e4311ee7 @ Mon Jul 20 17:10:44 UTC 2026
// 重构日志: 88e1b335
// 重构日志: 95c6d2a5
// 重构日志: e02a729e
// 重构日志: 7832ead8
// 同步 ID: 3c09f975 @ Fri Jul 24 13:38:18 UTC 2026
// 同步 ID: e2b87ab9 @ Fri Jul 24 19:04:32 UTC 2026
// 重构日志: 37320646
// 同步 ID: d1770b71 @ Sat Jul 25 12:33:38 UTC 2026
// 重构日志: be6020f7
// 重构日志: 81bab6c0
// 重构日志: 763c4028
// 重构日志: a2dbad7a
// 重构日志: 5853bb0b
// 重构日志: ea44d34f
// 同步 ID: 457cf17c @ Fri Jul 31 08:56:31 UTC 2026
// 重构日志: ce743cfe
// 同步 ID: 43861de0 @ Sun Aug  2 13:24:04 UTC 2026
// 同步 ID: 3e56b4b4 @ Tue Aug  4 08:12:42 UTC 2026
// 同步 ID: 17359298 @ Tue Aug  4 10:17:05 UTC 2026
// 重构日志: e658e524
// 重构日志: 9ed259ed
// 重构日志: ea19b04f
// 同步 ID: ffca177f @ Fri Aug  7 11:03:07 UTC 2026
